02-May-2025 05:08:00.767 INFO [main] org.apache.catalina.startup.VersionLoggerListener.log Server version name:   Apache Tomcat/11.0.0-M11
02-May-2025 05:08:00.768 INFO [main] org.apache.catalina.startup.VersionLoggerListener.log Server built:          Aug 23 2023 20:02:57 UTC
02-May-2025 05:08:00.768 INFO [main] org.apache.catalina.startup.VersionLoggerListener.log Server version number: 11.0.0.0
02-May-2025 05:08:00.768 INFO [main] org.apache.catalina.startup.VersionLoggerListener.log OS Name:               Linux
02-May-2025 05:08:00.768 INFO [main] org.apache.catalina.startup.VersionLoggerListener.log OS Version:            6.13.7-orbstack-00283-g9d1400e7e9c6
02-May-2025 05:08:00.768 INFO [main] org.apache.catalina.startup.VersionLoggerListener.log Architecture:          aarch64
02-May-2025 05:08:00.769 INFO [main] org.apache.catalina.startup.VersionLoggerListener.log Java Home:             /usr/local/openjdk-21
02-May-2025 05:08:00.769 INFO [main] org.apache.catalina.startup.VersionLoggerListener.log JVM Version:           21+35-2513
02-May-2025 05:08:00.769 INFO [main] org.apache.catalina.startup.VersionLoggerListener.log JVM Vendor:            Oracle Corporation
02-May-2025 05:08:00.769 INFO [main] org.apache.catalina.startup.VersionLoggerListener.log CATALINA_BASE:         /usr/local/tomcat
02-May-2025 05:08:00.769 INFO [main] org.apache.catalina.startup.VersionLoggerListener.log CATALINA_HOME:         /usr/local/tomcat
02-May-2025 05:08:00.774 INFO [main] org.apache.catalina.startup.VersionLoggerListener.log Command line argument: -Djava.util.logging.config.file=/usr/local/tomcat/conf/logging.properties
02-May-2025 05:08:00.774 INFO [main] org.apache.catalina.startup.VersionLoggerListener.log Command line argument: -Djava.util.logging.manager=org.apache.juli.ClassLoaderLogManager
02-May-2025 05:08:00.774 INFO [main] org.apache.catalina.startup.VersionLoggerListener.log Command line argument: -Djdk.tls.ephemeralDHKeySize=2048
02-May-2025 05:08:00.774 INFO [main] org.apache.catalina.startup.VersionLoggerListener.log Command line argument: -Dorg.apache.catalina.security.SecurityListener.UMASK=0027
02-May-2025 05:08:00.774 INFO [main] org.apache.catalina.startup.VersionLoggerListener.log Command line argument: --add-opens=java.base/java.lang=ALL-UNNAMED
02-May-2025 05:08:00.774 INFO [main] org.apache.catalina.startup.VersionLoggerListener.log Command line argument: --add-opens=java.base/java.io=ALL-UNNAMED
02-May-2025 05:08:00.774 INFO [main] org.apache.catalina.startup.VersionLoggerListener.log Command line argument: --add-opens=java.base/java.util=ALL-UNNAMED
02-May-2025 05:08:00.774 INFO [main] org.apache.catalina.startup.VersionLoggerListener.log Command line argument: --add-opens=java.base/java.util.concurrent=ALL-UNNAMED
02-May-2025 05:08:00.774 INFO [main] org.apache.catalina.startup.VersionLoggerListener.log Command line argument: --add-opens=java.rmi/sun.rmi.transport=ALL-UNNAMED
02-May-2025 05:08:00.774 INFO [main] org.apache.catalina.startup.VersionLoggerListener.log Command line argument: -Dcatalina.base=/usr/local/tomcat
02-May-2025 05:08:00.774 INFO [main] org.apache.catalina.startup.VersionLoggerListener.log Command line argument: -Dcatalina.home=/usr/local/tomcat
02-May-2025 05:08:00.774 INFO [main] org.apache.catalina.startup.VersionLoggerListener.log Command line argument: -Djava.io.tmpdir=/usr/local/tomcat/temp
02-May-2025 05:08:00.777 INFO [main] org.apache.catalina.core.AprLifecycleListener.lifecycleEvent Loaded Apache Tomcat Native library [2.0.5] using APR version [1.7.2].
02-May-2025 05:08:00.779 INFO [main] org.apache.catalina.core.AprLifecycleListener.initializeSSL OpenSSL successfully initialized [OpenSSL 3.0.9 30 May 2023]
02-May-2025 05:08:00.884 INFO [main] org.apache.coyote.AbstractProtocol.init Initializing ProtocolHandler ["http-nio-8080"]
02-May-2025 05:08:00.890 INFO [main] org.apache.catalina.startup.Catalina.load Server initialization in [186] milliseconds
02-May-2025 05:08:00.903 INFO [main] org.apache.catalina.core.StandardService.startInternal Starting service [Catalina]
02-May-2025 05:08:00.903 INFO [main] org.apache.catalina.core.StandardEngine.startInternal Starting Servlet engine: [Apache Tomcat/11.0.0-M11]
02-May-2025 05:08:00.916 INFO [main] org.apache.catalina.startup.HostConfig.deployWAR Deploying web application archive [/usr/local/tomcat/webapps/ROOT.war]
02-May-2025 05:08:01.130 INFO [main] org.apache.jasper.servlet.TldScanner.scanJars At least one JAR was scanned for TLDs yet contained no TLDs. Enable debug logging for this logger for a complete list of JARs that were scanned but no TLDs were found in them. Skipping unneeded JARs during scanning can improve startup time and JSP compilation time.
02-May-2025 05:08:01.599 INFO [main] org.apache.catalina.startup.HostConfig.deployWAR Deployment of web application archive [/usr/local/tomcat/webapps/ROOT.war] has finished in [684] ms
02-May-2025 05:08:01.600 INFO [main] org.apache.coyote.AbstractProtocol.start Starting ProtocolHandler ["http-nio-8080"]
02-May-2025 05:08:01.604 INFO [main] org.apache.catalina.startup.Catalina.start Server startup in [713] milliseconds
02-May-2025 05:08:35.153 INFO [Thread-1] org.apache.coyote.AbstractProtocol.pause Pausing ProtocolHandler ["http-nio-8080"]
02-May-2025 05:08:35.155 INFO [Thread-1] org.apache.catalina.core.StandardService.stopInternal Stopping service [Catalina]
02-May-2025 05:08:35.161 INFO [Thread-1] org.apache.coyote.AbstractProtocol.stop Stopping ProtocolHandler ["http-nio-8080"]
02-May-2025 05:08:35.163 INFO [Thread-1] org.apache.coyote.AbstractProtocol.destroy Destroying ProtocolHandler ["http-nio-8080"]
02-May-2025 05:18:08.595 INFO [main] org.apache.catalina.startup.VersionLoggerListener.log Server version name:   Apache Tomcat/11.0.0-M11
02-May-2025 05:18:08.596 INFO [main] org.apache.catalina.startup.VersionLoggerListener.log Server built:          Aug 23 2023 20:02:57 UTC
02-May-2025 05:18:08.596 INFO [main] org.apache.catalina.startup.VersionLoggerListener.log Server version number: 11.0.0.0
02-May-2025 05:18:08.596 INFO [main] org.apache.catalina.startup.VersionLoggerListener.log OS Name:               Linux
02-May-2025 05:18:08.596 INFO [main] org.apache.catalina.startup.VersionLoggerListener.log OS Version:            6.13.7-orbstack-00283-g9d1400e7e9c6
02-May-2025 05:18:08.596 INFO [main] org.apache.catalina.startup.VersionLoggerListener.log Architecture:          aarch64
02-May-2025 05:18:08.596 INFO [main] org.apache.catalina.startup.VersionLoggerListener.log Java Home:             /usr/local/openjdk-21
02-May-2025 05:18:08.596 INFO [main] org.apache.catalina.startup.VersionLoggerListener.log JVM Version:           21+35-2513
02-May-2025 05:18:08.596 INFO [main] org.apache.catalina.startup.VersionLoggerListener.log JVM Vendor:            Oracle Corporation
02-May-2025 05:18:08.596 INFO [main] org.apache.catalina.startup.VersionLoggerListener.log CATALINA_BASE:         /usr/local/tomcat
02-May-2025 05:18:08.596 INFO [main] org.apache.catalina.startup.VersionLoggerListener.log CATALINA_HOME:         /usr/local/tomcat
02-May-2025 05:18:08.600 INFO [main] org.apache.catalina.startup.VersionLoggerListener.log Command line argument: -Djava.util.logging.config.file=/usr/local/tomcat/conf/logging.properties
02-May-2025 05:18:08.600 INFO [main] org.apache.catalina.startup.VersionLoggerListener.log Command line argument: -Djava.util.logging.manager=org.apache.juli.ClassLoaderLogManager
02-May-2025 05:18:08.600 INFO [main] org.apache.catalina.startup.VersionLoggerListener.log Command line argument: -Djdk.tls.ephemeralDHKeySize=2048
02-May-2025 05:18:08.600 INFO [main] org.apache.catalina.startup.VersionLoggerListener.log Command line argument: -Dorg.apache.catalina.security.SecurityListener.UMASK=0027
02-May-2025 05:18:08.600 INFO [main] org.apache.catalina.startup.VersionLoggerListener.log Command line argument: --add-opens=java.base/java.lang=ALL-UNNAMED
02-May-2025 05:18:08.600 INFO [main] org.apache.catalina.startup.VersionLoggerListener.log Command line argument: --add-opens=java.base/java.io=ALL-UNNAMED
02-May-2025 05:18:08.600 INFO [main] org.apache.catalina.startup.VersionLoggerListener.log Command line argument: --add-opens=java.base/java.util=ALL-UNNAMED
02-May-2025 05:18:08.600 INFO [main] org.apache.catalina.startup.VersionLoggerListener.log Command line argument: --add-opens=java.base/java.util.concurrent=ALL-UNNAMED
02-May-2025 05:18:08.600 INFO [main] org.apache.catalina.startup.VersionLoggerListener.log Command line argument: --add-opens=java.rmi/sun.rmi.transport=ALL-UNNAMED
02-May-2025 05:18:08.600 INFO [main] org.apache.catalina.startup.VersionLoggerListener.log Command line argument: -Dcatalina.base=/usr/local/tomcat
02-May-2025 05:18:08.600 INFO [main] org.apache.catalina.startup.VersionLoggerListener.log Command line argument: -Dcatalina.home=/usr/local/tomcat
02-May-2025 05:18:08.600 INFO [main] org.apache.catalina.startup.VersionLoggerListener.log Command line argument: -Djava.io.tmpdir=/usr/local/tomcat/temp
02-May-2025 05:18:08.602 INFO [main] org.apache.catalina.core.AprLifecycleListener.lifecycleEvent Loaded Apache Tomcat Native library [2.0.5] using APR version [1.7.2].
02-May-2025 05:18:08.604 INFO [main] org.apache.catalina.core.AprLifecycleListener.initializeSSL OpenSSL successfully initialized [OpenSSL 3.0.9 30 May 2023]
02-May-2025 05:18:08.708 INFO [main] org.apache.coyote.AbstractProtocol.init Initializing ProtocolHandler ["http-nio-8080"]
02-May-2025 05:18:08.715 INFO [main] org.apache.catalina.startup.Catalina.load Server initialization in [176] milliseconds
02-May-2025 05:18:08.727 INFO [main] org.apache.catalina.core.StandardService.startInternal Starting service [Catalina]
02-May-2025 05:18:08.727 INFO [main] org.apache.catalina.core.StandardEngine.startInternal Starting Servlet engine: [Apache Tomcat/11.0.0-M11]
02-May-2025 05:18:08.740 INFO [main] org.apache.catalina.startup.HostConfig.deployWAR Deploying web application archive [/usr/local/tomcat/webapps/ROOT.war]
02-May-2025 05:18:08.954 INFO [main] org.apache.jasper.servlet.TldScanner.scanJars At least one JAR was scanned for TLDs yet contained no TLDs. Enable debug logging for this logger for a complete list of JARs that were scanned but no TLDs were found in them. Skipping unneeded JARs during scanning can improve startup time and JSP compilation time.
02-May-2025 05:18:09.434 INFO [main] org.apache.catalina.startup.HostConfig.deployWAR Deployment of web application archive [/usr/local/tomcat/webapps/ROOT.war] has finished in [694] ms
02-May-2025 05:18:09.435 INFO [main] org.apache.coyote.AbstractProtocol.start Starting ProtocolHandler ["http-nio-8080"]
02-May-2025 05:18:09.440 INFO [main] org.apache.catalina.startup.Catalina.start Server startup in [724] milliseconds
02-May-2025 05:18:37.846 INFO [Thread-1] org.apache.coyote.AbstractProtocol.pause Pausing ProtocolHandler ["http-nio-8080"]
02-May-2025 05:18:37.848 INFO [Thread-1] org.apache.catalina.core.StandardService.stopInternal Stopping service [Catalina]
02-May-2025 05:18:37.853 INFO [Thread-1] org.apache.coyote.AbstractProtocol.stop Stopping ProtocolHandler ["http-nio-8080"]
02-May-2025 05:18:37.856 INFO [Thread-1] org.apache.coyote.AbstractProtocol.destroy Destroying ProtocolHandler ["http-nio-8080"]
02-May-2025 05:24:02.748 INFO [main] org.apache.catalina.startup.VersionLoggerListener.log Server version name:   Apache Tomcat/11.0.0-M11
02-May-2025 05:24:02.750 INFO [main] org.apache.catalina.startup.VersionLoggerListener.log Server built:          Aug 23 2023 20:02:57 UTC
02-May-2025 05:24:02.750 INFO [main] org.apache.catalina.startup.VersionLoggerListener.log Server version number: 11.0.0.0
02-May-2025 05:24:02.750 INFO [main] org.apache.catalina.startup.VersionLoggerListener.log OS Name:               Linux
02-May-2025 05:24:02.750 INFO [main] org.apache.catalina.startup.VersionLoggerListener.log OS Version:            6.13.7-orbstack-00283-g9d1400e7e9c6
02-May-2025 05:24:02.750 INFO [main] org.apache.catalina.startup.VersionLoggerListener.log Architecture:          aarch64
02-May-2025 05:24:02.750 INFO [main] org.apache.catalina.startup.VersionLoggerListener.log Java Home:             /usr/local/openjdk-21
02-May-2025 05:24:02.750 INFO [main] org.apache.catalina.startup.VersionLoggerListener.log JVM Version:           21+35-2513
02-May-2025 05:24:02.750 INFO [main] org.apache.catalina.startup.VersionLoggerListener.log JVM Vendor:            Oracle Corporation
02-May-2025 05:24:02.750 INFO [main] org.apache.catalina.startup.VersionLoggerListener.log CATALINA_BASE:         /usr/local/tomcat
02-May-2025 05:24:02.750 INFO [main] org.apache.catalina.startup.VersionLoggerListener.log CATALINA_HOME:         /usr/local/tomcat
02-May-2025 05:24:02.754 INFO [main] org.apache.catalina.startup.VersionLoggerListener.log Command line argument: -Djava.util.logging.config.file=/usr/local/tomcat/conf/logging.properties
02-May-2025 05:24:02.754 INFO [main] org.apache.catalina.startup.VersionLoggerListener.log Command line argument: -Djava.util.logging.manager=org.apache.juli.ClassLoaderLogManager
02-May-2025 05:24:02.754 INFO [main] org.apache.catalina.startup.VersionLoggerListener.log Command line argument: -Djdk.tls.ephemeralDHKeySize=2048
02-May-2025 05:24:02.754 INFO [main] org.apache.catalina.startup.VersionLoggerListener.log Command line argument: -Dorg.apache.catalina.security.SecurityListener.UMASK=0027
02-May-2025 05:24:02.754 INFO [main] org.apache.catalina.startup.VersionLoggerListener.log Command line argument: --add-opens=java.base/java.lang=ALL-UNNAMED
02-May-2025 05:24:02.754 INFO [main] org.apache.catalina.startup.VersionLoggerListener.log Command line argument: --add-opens=java.base/java.io=ALL-UNNAMED
02-May-2025 05:24:02.754 INFO [main] org.apache.catalina.startup.VersionLoggerListener.log Command line argument: --add-opens=java.base/java.util=ALL-UNNAMED
02-May-2025 05:24:02.754 INFO [main] org.apache.catalina.startup.VersionLoggerListener.log Command line argument: --add-opens=java.base/java.util.concurrent=ALL-UNNAMED
02-May-2025 05:24:02.754 INFO [main] org.apache.catalina.startup.VersionLoggerListener.log Command line argument: --add-opens=java.rmi/sun.rmi.transport=ALL-UNNAMED
02-May-2025 05:24:02.754 INFO [main] org.apache.catalina.startup.VersionLoggerListener.log Command line argument: -Dcatalina.base=/usr/local/tomcat
02-May-2025 05:24:02.755 INFO [main] org.apache.catalina.startup.VersionLoggerListener.log Command line argument: -Dcatalina.home=/usr/local/tomcat
02-May-2025 05:24:02.755 INFO [main] org.apache.catalina.startup.VersionLoggerListener.log Command line argument: -Djava.io.tmpdir=/usr/local/tomcat/temp
02-May-2025 05:24:02.757 INFO [main] org.apache.catalina.core.AprLifecycleListener.lifecycleEvent Loaded Apache Tomcat Native library [2.0.5] using APR version [1.7.2].
02-May-2025 05:24:02.759 INFO [main] org.apache.catalina.core.AprLifecycleListener.initializeSSL OpenSSL successfully initialized [OpenSSL 3.0.9 30 May 2023]
02-May-2025 05:24:02.856 INFO [main] org.apache.coyote.AbstractProtocol.init Initializing ProtocolHandler ["http-nio-8080"]
02-May-2025 05:24:02.863 INFO [main] org.apache.catalina.startup.Catalina.load Server initialization in [167] milliseconds
02-May-2025 05:24:02.876 INFO [main] org.apache.catalina.core.StandardService.startInternal Starting service [Catalina]
02-May-2025 05:24:02.876 INFO [main] org.apache.catalina.core.StandardEngine.startInternal Starting Servlet engine: [Apache Tomcat/11.0.0-M11]
02-May-2025 05:24:02.888 INFO [main] org.apache.catalina.startup.HostConfig.deployWAR Deploying web application archive [/usr/local/tomcat/webapps/ROOT.war]
02-May-2025 05:24:03.111 INFO [main] org.apache.jasper.servlet.TldScanner.scanJars At least one JAR was scanned for TLDs yet contained no TLDs. Enable debug logging for this logger for a complete list of JARs that were scanned but no TLDs were found in them. Skipping unneeded JARs during scanning can improve startup time and JSP compilation time.
02-May-2025 05:24:03.582 INFO [main] org.apache.catalina.startup.HostConfig.deployWAR Deployment of web application archive [/usr/local/tomcat/webapps/ROOT.war] has finished in [693] ms
02-May-2025 05:24:03.583 INFO [main] org.apache.coyote.AbstractProtocol.start Starting ProtocolHandler ["http-nio-8080"]
02-May-2025 05:24:03.587 INFO [main] org.apache.catalina.startup.Catalina.start Server startup in [723] milliseconds
02-May-2025 05:24:56.444 INFO [Thread-1] org.apache.coyote.AbstractProtocol.pause Pausing ProtocolHandler ["http-nio-8080"]
02-May-2025 05:24:56.446 INFO [Thread-1] org.apache.catalina.core.StandardService.stopInternal Stopping service [Catalina]
02-May-2025 05:24:56.449 INFO [Thread-1] org.apache.coyote.AbstractProtocol.stop Stopping ProtocolHandler ["http-nio-8080"]
02-May-2025 05:24:56.452 INFO [Thread-1] org.apache.coyote.AbstractProtocol.destroy Destroying ProtocolHandler ["http-nio-8080"]
02-May-2025 05:24:56.792 INFO [main] org.apache.catalina.startup.VersionLoggerListener.log Server version name:   Apache Tomcat/11.0.0-M11
02-May-2025 05:24:56.794 INFO [main] org.apache.catalina.startup.VersionLoggerListener.log Server built:          Aug 23 2023 20:02:57 UTC
02-May-2025 05:24:56.794 INFO [main] org.apache.catalina.startup.VersionLoggerListener.log Server version number: 11.0.0.0
02-May-2025 05:24:56.794 INFO [main] org.apache.catalina.startup.VersionLoggerListener.log OS Name:               Linux
02-May-2025 05:24:56.794 INFO [main] org.apache.catalina.startup.VersionLoggerListener.log OS Version:            6.13.7-orbstack-00283-g9d1400e7e9c6
02-May-2025 05:24:56.794 INFO [main] org.apache.catalina.startup.VersionLoggerListener.log Architecture:          aarch64
02-May-2025 05:24:56.794 INFO [main] org.apache.catalina.startup.VersionLoggerListener.log Java Home:             /usr/local/openjdk-21
02-May-2025 05:24:56.794 INFO [main] org.apache.catalina.startup.VersionLoggerListener.log JVM Version:           21+35-2513
02-May-2025 05:24:56.794 INFO [main] org.apache.catalina.startup.VersionLoggerListener.log JVM Vendor:            Oracle Corporation
02-May-2025 05:24:56.794 INFO [main] org.apache.catalina.startup.VersionLoggerListener.log CATALINA_BASE:         /usr/local/tomcat
02-May-2025 05:24:56.794 INFO [main] org.apache.catalina.startup.VersionLoggerListener.log CATALINA_HOME:         /usr/local/tomcat
02-May-2025 05:24:56.797 INFO [main] org.apache.catalina.startup.VersionLoggerListener.log Command line argument: -Djava.util.logging.config.file=/usr/local/tomcat/conf/logging.properties
02-May-2025 05:24:56.797 INFO [main] org.apache.catalina.startup.VersionLoggerListener.log Command line argument: -Djava.util.logging.manager=org.apache.juli.ClassLoaderLogManager
02-May-2025 05:24:56.798 INFO [main] org.apache.catalina.startup.VersionLoggerListener.log Command line argument: -Djdk.tls.ephemeralDHKeySize=2048
02-May-2025 05:24:56.798 INFO [main] org.apache.catalina.startup.VersionLoggerListener.log Command line argument: -Dorg.apache.catalina.security.SecurityListener.UMASK=0027
02-May-2025 05:24:56.798 INFO [main] org.apache.catalina.startup.VersionLoggerListener.log Command line argument: --add-opens=java.base/java.lang=ALL-UNNAMED
02-May-2025 05:24:56.798 INFO [main] org.apache.catalina.startup.VersionLoggerListener.log Command line argument: --add-opens=java.base/java.io=ALL-UNNAMED
02-May-2025 05:24:56.798 INFO [main] org.apache.catalina.startup.VersionLoggerListener.log Command line argument: --add-opens=java.base/java.util=ALL-UNNAMED
02-May-2025 05:24:56.798 INFO [main] org.apache.catalina.startup.VersionLoggerListener.log Command line argument: --add-opens=java.base/java.util.concurrent=ALL-UNNAMED
02-May-2025 05:24:56.798 INFO [main] org.apache.catalina.startup.VersionLoggerListener.log Command line argument: --add-opens=java.rmi/sun.rmi.transport=ALL-UNNAMED
02-May-2025 05:24:56.798 INFO [main] org.apache.catalina.startup.VersionLoggerListener.log Command line argument: -Dcatalina.base=/usr/local/tomcat
02-May-2025 05:24:56.798 INFO [main] org.apache.catalina.startup.VersionLoggerListener.log Command line argument: -Dcatalina.home=/usr/local/tomcat
02-May-2025 05:24:56.798 INFO [main] org.apache.catalina.startup.VersionLoggerListener.log Command line argument: -Djava.io.tmpdir=/usr/local/tomcat/temp
02-May-2025 05:24:56.799 INFO [main] org.apache.catalina.core.AprLifecycleListener.lifecycleEvent Loaded Apache Tomcat Native library [2.0.5] using APR version [1.7.2].
02-May-2025 05:24:56.801 INFO [main] org.apache.catalina.core.AprLifecycleListener.initializeSSL OpenSSL successfully initialized [OpenSSL 3.0.9 30 May 2023]
02-May-2025 05:24:56.904 INFO [main] org.apache.coyote.AbstractProtocol.init Initializing ProtocolHandler ["http-nio-8080"]
02-May-2025 05:24:56.910 INFO [main] org.apache.catalina.startup.Catalina.load Server initialization in [183] milliseconds
02-May-2025 05:24:56.922 INFO [main] org.apache.catalina.core.StandardService.startInternal Starting service [Catalina]
02-May-2025 05:24:56.922 INFO [main] org.apache.catalina.core.StandardEngine.startInternal Starting Servlet engine: [Apache Tomcat/11.0.0-M11]
02-May-2025 05:24:56.934 INFO [main] org.apache.catalina.startup.HostConfig.deployWAR Deploying web application archive [/usr/local/tomcat/webapps/ROOT.war]
02-May-2025 05:24:57.140 INFO [main] org.apache.jasper.servlet.TldScanner.scanJars At least one JAR was scanned for TLDs yet contained no TLDs. Enable debug logging for this logger for a complete list of JARs that were scanned but no TLDs were found in them. Skipping unneeded JARs during scanning can improve startup time and JSP compilation time.
02-May-2025 05:24:57.601 INFO [main] org.apache.catalina.startup.HostConfig.deployWAR Deployment of web application archive [/usr/local/tomcat/webapps/ROOT.war] has finished in [667] ms
02-May-2025 05:24:57.602 INFO [main] org.apache.coyote.AbstractProtocol.start Starting ProtocolHandler ["http-nio-8080"]
02-May-2025 05:24:57.606 INFO [main] org.apache.catalina.startup.Catalina.start Server startup in [695] milliseconds
02-May-2025 05:25:07.863 INFO [Thread-1] org.apache.coyote.AbstractProtocol.pause Pausing ProtocolHandler ["http-nio-8080"]
02-May-2025 05:25:07.865 INFO [Thread-1] org.apache.catalina.core.StandardService.stopInternal Stopping service [Catalina]
02-May-2025 05:25:07.869 INFO [Thread-1] org.apache.coyote.AbstractProtocol.stop Stopping ProtocolHandler ["http-nio-8080"]
02-May-2025 05:25:07.871 INFO [Thread-1] org.apache.coyote.AbstractProtocol.destroy Destroying ProtocolHandler ["http-nio-8080"]
02-May-2025 05:25:08.189 INFO [main] org.apache.catalina.startup.VersionLoggerListener.log Server version name:   Apache Tomcat/11.0.0-M11
02-May-2025 05:25:08.191 INFO [main] org.apache.catalina.startup.VersionLoggerListener.log Server built:          Aug 23 2023 20:02:57 UTC
02-May-2025 05:25:08.191 INFO [main] org.apache.catalina.startup.VersionLoggerListener.log Server version number: 11.0.0.0
02-May-2025 05:25:08.191 INFO [main] org.apache.catalina.startup.VersionLoggerListener.log OS Name:               Linux
02-May-2025 05:25:08.191 INFO [main] org.apache.catalina.startup.VersionLoggerListener.log OS Version:            6.13.7-orbstack-00283-g9d1400e7e9c6
02-May-2025 05:25:08.191 INFO [main] org.apache.catalina.startup.VersionLoggerListener.log Architecture:          aarch64
02-May-2025 05:25:08.191 INFO [main] org.apache.catalina.startup.VersionLoggerListener.log Java Home:             /usr/local/openjdk-21
02-May-2025 05:25:08.191 INFO [main] org.apache.catalina.startup.VersionLoggerListener.log JVM Version:           21+35-2513
02-May-2025 05:25:08.191 INFO [main] org.apache.catalina.startup.VersionLoggerListener.log JVM Vendor:            Oracle Corporation
02-May-2025 05:25:08.191 INFO [main] org.apache.catalina.startup.VersionLoggerListener.log CATALINA_BASE:         /usr/local/tomcat
02-May-2025 05:25:08.191 INFO [main] org.apache.catalina.startup.VersionLoggerListener.log CATALINA_HOME:         /usr/local/tomcat
02-May-2025 05:25:08.195 INFO [main] org.apache.catalina.startup.VersionLoggerListener.log Command line argument: -Djava.util.logging.config.file=/usr/local/tomcat/conf/logging.properties
02-May-2025 05:25:08.195 INFO [main] org.apache.catalina.startup.VersionLoggerListener.log Command line argument: -Djava.util.logging.manager=org.apache.juli.ClassLoaderLogManager
02-May-2025 05:25:08.195 INFO [main] org.apache.catalina.startup.VersionLoggerListener.log Command line argument: -Djdk.tls.ephemeralDHKeySize=2048
02-May-2025 05:25:08.195 INFO [main] org.apache.catalina.startup.VersionLoggerListener.log Command line argument: -Dorg.apache.catalina.security.SecurityListener.UMASK=0027
02-May-2025 05:25:08.195 INFO [main] org.apache.catalina.startup.VersionLoggerListener.log Command line argument: --add-opens=java.base/java.lang=ALL-UNNAMED
02-May-2025 05:25:08.195 INFO [main] org.apache.catalina.startup.VersionLoggerListener.log Command line argument: --add-opens=java.base/java.io=ALL-UNNAMED
02-May-2025 05:25:08.195 INFO [main] org.apache.catalina.startup.VersionLoggerListener.log Command line argument: --add-opens=java.base/java.util=ALL-UNNAMED
02-May-2025 05:25:08.195 INFO [main] org.apache.catalina.startup.VersionLoggerListener.log Command line argument: --add-opens=java.base/java.util.concurrent=ALL-UNNAMED
02-May-2025 05:25:08.195 INFO [main] org.apache.catalina.startup.VersionLoggerListener.log Command line argument: --add-opens=java.rmi/sun.rmi.transport=ALL-UNNAMED
02-May-2025 05:25:08.195 INFO [main] org.apache.catalina.startup.VersionLoggerListener.log Command line argument: -Dcatalina.base=/usr/local/tomcat
02-May-2025 05:25:08.195 INFO [main] org.apache.catalina.startup.VersionLoggerListener.log Command line argument: -Dcatalina.home=/usr/local/tomcat
02-May-2025 05:25:08.195 INFO [main] org.apache.catalina.startup.VersionLoggerListener.log Command line argument: -Djava.io.tmpdir=/usr/local/tomcat/temp
02-May-2025 05:25:08.196 INFO [main] org.apache.catalina.core.AprLifecycleListener.lifecycleEvent Loaded Apache Tomcat Native library [2.0.5] using APR version [1.7.2].
02-May-2025 05:25:08.197 INFO [main] org.apache.catalina.core.AprLifecycleListener.initializeSSL OpenSSL successfully initialized [OpenSSL 3.0.9 30 May 2023]
02-May-2025 05:25:08.296 INFO [main] org.apache.coyote.AbstractProtocol.init Initializing ProtocolHandler ["http-nio-8080"]
02-May-2025 05:25:08.303 INFO [main] org.apache.catalina.startup.Catalina.load Server initialization in [170] milliseconds
02-May-2025 05:25:08.315 INFO [main] org.apache.catalina.core.StandardService.startInternal Starting service [Catalina]
02-May-2025 05:25:08.315 INFO [main] org.apache.catalina.core.StandardEngine.startInternal Starting Servlet engine: [Apache Tomcat/11.0.0-M11]
02-May-2025 05:25:08.325 INFO [main] org.apache.catalina.startup.HostConfig.deployWAR Deploying web application archive [/usr/local/tomcat/webapps/ROOT.war]
02-May-2025 05:25:08.571 INFO [main] org.apache.jasper.servlet.TldScanner.scanJars At least one JAR was scanned for TLDs yet contained no TLDs. Enable debug logging for this logger for a complete list of JARs that were scanned but no TLDs were found in them. Skipping unneeded JARs during scanning can improve startup time and JSP compilation time.
02-May-2025 05:25:09.047 INFO [main] org.apache.catalina.startup.HostConfig.deployWAR Deployment of web application archive [/usr/local/tomcat/webapps/ROOT.war] has finished in [722] ms
02-May-2025 05:25:09.048 INFO [main] org.apache.coyote.AbstractProtocol.start Starting ProtocolHandler ["http-nio-8080"]
02-May-2025 05:25:09.056 INFO [main] org.apache.catalina.startup.Catalina.start Server startup in [752] milliseconds
02-May-2025 05:25:14.896 INFO [Thread-1] org.apache.coyote.AbstractProtocol.pause Pausing ProtocolHandler ["http-nio-8080"]
02-May-2025 05:25:14.898 INFO [Thread-1] org.apache.catalina.core.StandardService.stopInternal Stopping service [Catalina]
02-May-2025 05:25:14.903 INFO [Thread-1] org.apache.coyote.AbstractProtocol.stop Stopping ProtocolHandler ["http-nio-8080"]
02-May-2025 05:25:14.906 INFO [Thread-1] org.apache.coyote.AbstractProtocol.destroy Destroying ProtocolHandler ["http-nio-8080"]
02-May-2025 05:25:58.516 INFO [main] org.apache.catalina.startup.VersionLoggerListener.log Server version name:   Apache Tomcat/11.0.0-M11
02-May-2025 05:25:58.518 INFO [main] org.apache.catalina.startup.VersionLoggerListener.log Server built:          Aug 23 2023 20:02:57 UTC
02-May-2025 05:25:58.519 INFO [main] org.apache.catalina.startup.VersionLoggerListener.log Server version number: 11.0.0.0
02-May-2025 05:25:58.519 INFO [main] org.apache.catalina.startup.VersionLoggerListener.log OS Name:               Linux
02-May-2025 05:25:58.519 INFO [main] org.apache.catalina.startup.VersionLoggerListener.log OS Version:            6.13.7-orbstack-00283-g9d1400e7e9c6
02-May-2025 05:25:58.519 INFO [main] org.apache.catalina.startup.VersionLoggerListener.log Architecture:          aarch64
02-May-2025 05:25:58.519 INFO [main] org.apache.catalina.startup.VersionLoggerListener.log Java Home:             /usr/local/openjdk-21
02-May-2025 05:25:58.519 INFO [main] org.apache.catalina.startup.VersionLoggerListener.log JVM Version:           21+35-2513
02-May-2025 05:25:58.519 INFO [main] org.apache.catalina.startup.VersionLoggerListener.log JVM Vendor:            Oracle Corporation
02-May-2025 05:25:58.519 INFO [main] org.apache.catalina.startup.VersionLoggerListener.log CATALINA_BASE:         /usr/local/tomcat
02-May-2025 05:25:58.519 INFO [main] org.apache.catalina.startup.VersionLoggerListener.log CATALINA_HOME:         /usr/local/tomcat
02-May-2025 05:25:58.522 INFO [main] org.apache.catalina.startup.VersionLoggerListener.log Command line argument: -Djava.util.logging.config.file=/usr/local/tomcat/conf/logging.properties
02-May-2025 05:25:58.522 INFO [main] org.apache.catalina.startup.VersionLoggerListener.log Command line argument: -Djava.util.logging.manager=org.apache.juli.ClassLoaderLogManager
02-May-2025 05:25:58.522 INFO [main] org.apache.catalina.startup.VersionLoggerListener.log Command line argument: -Djdk.tls.ephemeralDHKeySize=2048
02-May-2025 05:25:58.522 INFO [main] org.apache.catalina.startup.VersionLoggerListener.log Command line argument: -Dorg.apache.catalina.security.SecurityListener.UMASK=0027
02-May-2025 05:25:58.522 INFO [main] org.apache.catalina.startup.VersionLoggerListener.log Command line argument: --add-opens=java.base/java.lang=ALL-UNNAMED
02-May-2025 05:25:58.522 INFO [main] org.apache.catalina.startup.VersionLoggerListener.log Command line argument: --add-opens=java.base/java.io=ALL-UNNAMED
02-May-2025 05:25:58.522 INFO [main] org.apache.catalina.startup.VersionLoggerListener.log Command line argument: --add-opens=java.base/java.util=ALL-UNNAMED
02-May-2025 05:25:58.522 INFO [main] org.apache.catalina.startup.VersionLoggerListener.log Command line argument: --add-opens=java.base/java.util.concurrent=ALL-UNNAMED
02-May-2025 05:25:58.522 INFO [main] org.apache.catalina.startup.VersionLoggerListener.log Command line argument: --add-opens=java.rmi/sun.rmi.transport=ALL-UNNAMED
02-May-2025 05:25:58.522 INFO [main] org.apache.catalina.startup.VersionLoggerListener.log Command line argument: -Dcatalina.base=/usr/local/tomcat
02-May-2025 05:25:58.522 INFO [main] org.apache.catalina.startup.VersionLoggerListener.log Command line argument: -Dcatalina.home=/usr/local/tomcat
02-May-2025 05:25:58.522 INFO [main] org.apache.catalina.startup.VersionLoggerListener.log Command line argument: -Djava.io.tmpdir=/usr/local/tomcat/temp
02-May-2025 05:25:58.525 INFO [main] org.apache.catalina.core.AprLifecycleListener.lifecycleEvent Loaded Apache Tomcat Native library [2.0.5] using APR version [1.7.2].
02-May-2025 05:25:58.526 INFO [main] org.apache.catalina.core.AprLifecycleListener.initializeSSL OpenSSL successfully initialized [OpenSSL 3.0.9 30 May 2023]
02-May-2025 05:25:58.624 INFO [main] org.apache.coyote.AbstractProtocol.init Initializing ProtocolHandler ["http-nio-8080"]
02-May-2025 05:25:58.630 INFO [main] org.apache.catalina.startup.Catalina.load Server initialization in [167] milliseconds
02-May-2025 05:25:58.643 INFO [main] org.apache.catalina.core.StandardService.startInternal Starting service [Catalina]
02-May-2025 05:25:58.643 INFO [main] org.apache.catalina.core.StandardEngine.startInternal Starting Servlet engine: [Apache Tomcat/11.0.0-M11]
02-May-2025 05:25:58.651 INFO [main] org.apache.catalina.startup.HostConfig.deployWAR Deploying web application archive [/usr/local/tomcat/webapps/ROOT.war]
02-May-2025 05:25:58.858 INFO [main] org.apache.jasper.servlet.TldScanner.scanJars At least one JAR was scanned for TLDs yet contained no TLDs. Enable debug logging for this logger for a complete list of JARs that were scanned but no TLDs were found in them. Skipping unneeded JARs during scanning can improve startup time and JSP compilation time.
02-May-2025 05:25:58.903 INFO [main] org.apache.catalina.startup.HostConfig.deployWAR Deployment of web application archive [/usr/local/tomcat/webapps/ROOT.war] has finished in [252] ms
02-May-2025 05:25:58.904 INFO [main] org.apache.coyote.AbstractProtocol.start Starting ProtocolHandler ["http-nio-8080"]
02-May-2025 05:25:58.908 INFO [main] org.apache.catalina.startup.Catalina.start Server startup in [277] milliseconds
02-May-2025 05:26:37.121 INFO [Thread-1] org.apache.coyote.AbstractProtocol.pause Pausing ProtocolHandler ["http-nio-8080"]
02-May-2025 05:26:37.123 INFO [Thread-1] org.apache.catalina.core.StandardService.stopInternal Stopping service [Catalina]
02-May-2025 05:26:37.129 INFO [Thread-1] org.apache.coyote.AbstractProtocol.stop Stopping ProtocolHandler ["http-nio-8080"]
02-May-2025 05:26:37.131 INFO [Thread-1] org.apache.coyote.AbstractProtocol.destroy Destroying ProtocolHandler ["http-nio-8080"]
